// Jest Snapshot v1, https://goo.gl/fbAQLP

exports[`Login component renders Login 1`] = `
<Fragment>
  <AuthForm
    failMessage="Incorrect username or password!"
    formTitle="Login"
    handleSubmit={[Function]}
    handleUpdate={[Function]}
    success={true}
  />
</Fragment>
`;
