// Jest Snapshot v1, https://goo.gl/fbAQLP

exports[`Landing component renders Landing 1`] = `
<h2>
  Landing
</h2>
`;
