// Jest Snapshot v1, https://goo.gl/fbAQLP

exports[`Login component renders Login 1`] = `
<Fragment>
  <h1>
    Login
  </h1>
  <LoginForm
    handleSubmit={[Function]}
    handleUpdate={[Function]}
    loginSuccess={true}
  />
</Fragment>
`;
