// Jest Snapshot v1, https://goo.gl/fbAQLP

exports[`Navigation component renders Navigation 1`] = `
<nav>
  <Link
    to="/"
  >
    Home
  </Link>
  <Link
    to="/landing"
  >
    Landing
  </Link>
  <Link
    to="/workspace"
  >
    Workspace
  </Link>
  <Link
    to="/register"
  >
    Register
  </Link>
  <Link
    to="/login"
  >
    Login
  </Link>
</nav>
`;
